📋 Wall Street Survivor Scenario Test
================================================================================
✅ Config loaded: ollama - qwen3.5:cloud
✅ Scenario loaded: Stock Analysis & Trading Decision
   Max steps: 25
   Success criteria: 3 defined
   Key actions: 5 steps provided
✅ Test persona created: Test Investor

================================================================================
🚀 STARTING TEST - Wall Street Survivor with Improved Scenario
================================================================================


================================================================================
🚀 MCP ReAct SESSION STARTING
================================================================================
📍 Target URL: https://www.wallstreetsurvivor.com/
👤 Persona: test_wallstreet_001
🎯 Scenario: Stock Analysis & Trading Decision
ℹ Vision mode OFF (vision_enabled: false in config)

🔌 Connecting to Playwright MCP Server...
✓ Connected! 21 tools available
  1. browser_close: Close the page...
  2. browser_resize: Resize the browser window...
  3. browser_console_messages: Returns all console messages...
  4. browser_handle_dialog: Handle a dialog...
  5. browser_evaluate: Evaluate JavaScript expression on page or element...
  6. browser_file_upload: Upload one or multiple files...
  7. browser_fill_form: Fill multiple form fields...
  8. browser_press_key: Press a key on the keyboard...
  9. browser_type: Type text into editable element...
  10. browser_navigate: Navigate to a URL...
  11. browser_navigate_back: Go back to the previous page in the history...
  12. browser_network_requests: Returns all network requests since loading the page...
  13. browser_run_code: Run Playwright code snippet...
  14. browser_take_screenshot: Take a screenshot of the current page. You can't perform actions based on the sc...
  15. browser_snapshot: Capture accessibility snapshot of the current page, this is better than screensh...
  16. browser_click: Perform click on a web page...
  17. browser_drag: Perform drag and drop between two elements...
  18. browser_hover: Hover over element on page...
  19. browser_select_option: Select an option in a dropdown...
  20. browser_tabs: List, create, close, or select a browser tab....
  21. browser_wait_for: Wait for text to appear or disappear or a specified time to pass...


================================================================================
STEP 1/30
================================================================================
🤖 Calling LLM...
📥 LLM response:


⚠️ Invalid or unknown action 'None'. Available tools: ['browser_close', 'browser_resize', 'browser_console_messages', 'browser_handle_dialog', 'browser_evaluate', 'browser_file_upload', 'browser_fill_form', 'browser_press_key', 'browser_type', 'browser_navigate', 'browser_navigate_back', 'browser_network_requests', 'browser_run_code', 'browser_take_screenshot', 'browser_snapshot', 'browser_click', 'browser_drag', 'browser_hover', 'browser_select_option', 'browser_tabs', 'browser_wait_for']. Remember: to scroll use browser_evaluate with function () => window.scrollBy(0, 3000). CRITICAL: browser_evaluate ONLY accepts {"function": "..."} parameter. NEVER use "script", "expr", "expression", or any other parameter name.

================================================================================
STEP 1/30
================================================================================
🤖 Calling LLM...
📥 LLM response:
THOUGHT: I need to start by navigating to Wall Street Survivor and taking a snapshot to see the page layout and find search functionality for stocks.
ACTION: browser_navigate
ACTION_INPUT: {"url": "https://www.wallstreetsurvivor.com/"}

🎬 Executing: browser_navigate({'url': 'https://www.wallstreetsurvivor.com/'})
📤 Tool result (396 chars → 114 compressed):
URL: https://www.wallstreetsurvivor.com/

Title: Stock Market Simulator: Practice Trading for Free with Fake Money...


================================================================================
STEP 2/30
================================================================================
🤖 Calling LLM...
📥 LLM response:


⚠️ Invalid or unknown action 'None'. Available tools: ['browser_close', 'browser_resize', 'browser_console_messages', 'browser_handle_dialog', 'browser_evaluate', 'browser_file_upload', 'browser_fill_form', 'browser_press_key', 'browser_type', 'browser_navigate', 'browser_navigate_back', 'browser_network_requests', 'browser_run_code', 'browser_take_screenshot', 'browser_snapshot', 'browser_click', 'browser_drag', 'browser_hover', 'browser_select_option', 'browser_tabs', 'browser_wait_for']. Remember: to scroll use browser_evaluate with function () => window.scrollBy(0, 3000). CRITICAL: browser_evaluate ONLY accepts {"function": "..."} parameter. NEVER use "script", "expr", "expression", or any other parameter name.

================================================================================
STEP 2/30
================================================================================
🤖 Calling LLM...
📥 LLM response:
THOUGHT: I need to take a snapshot of the homepage to see the layout and find search functionality or navigation links to access stock analysis tools.
ACTION: browser_snapshot
ACTION_INPUT: {}

🎬 Executing: browser_snapshot({})
📤 Tool result (58861 chars → 314 compressed):
URL: https://www.wallstreetsurvivor.com/

Title: Stock Market Simulator: Practice Trading for Free with Fake Money

LINKS:
- Skip to content ref=e2
- Wall Street Survivor ref=e7
- Courses ref=e12
- Stock Game ref=e17
- Best Investing Tools ref=e22
- Investing Ideas ref=e27
- Starter Guides ref=e32
- Login ref=e37...


================================================================================
STEP 3/30
================================================================================
🤖 Calling LLM...
📥 LLM response:
THOUGHT: I can see the Wall Street Survivor homepage with navigation links. The "Stock Game" link (ref=e17) is the most relevant option for searching and analyzing stocks like AAPL. I'll click on it to access the stock trading interface.
ACTION: browser_click
ACTION_INPUT: {"ref": "e17"}

🎬 Executing: browser_click({'ref': 'e17'})
📤 Tool result (323 chars → 323 compressed):
### Ran Playwright code
```js
await page.getByRole('link', { name: 'Stock Game', exact: true }).click();
```
### Page
- Page URL: https://www.wallstreetsurvivor.com/#
- Page Title: Stock Market Simulator: Practice Trading for Free with Fake Money
### Snapshot
- [Snapshot](.playwright-mcp\page-2026-04-13T10-11-47-294Z.yml)...


================================================================================
STEP 4/30
================================================================================
🤖 Calling LLM...
📥 LLM response:
THOUGHT: The Stock Game link didn't navigate to a new page (SPA behavior - URL just added #). I need to scroll down to see if there's more content below or look for a search box to directly search for AAPL stock.
ACTION: browser_evaluate
ACTION_INPUT: {"function": "() => window.scrollBy(0, 3000)"}

🎬 Executing: browser_evaluate({'function': '() => window.scrollBy(0, 3000)'})
📸 Auto-snapshot after scroll...
📤 Tool result (109 chars → 407 compressed):
URL: https://www.wallstreetsurvivor.com/#

Title: Stock Market Simulator: Practice Trading for Free with Fake Money

LINKS:
- Skip to content ref=e2
- Wall Street Survivor ref=e7
- Courses ref=e12
- Join A Contest For Cash Prizes ref=e615
- Join Our Most Popular Contests ref=e617
- Free Stock Market Game ref=e619
- Search For A Private Stock Contest ref=e621
- View Contests I have Already Joined ref=e623...


================================================================================
STEP 5/30
================================================================================
🤖 Calling LLM...
📥 LLM response:
THOUGHT: I found a "Free Stock Market Game" link (ref=e619) which should take me to the actual trading interface where I can search for and analyze AAPL stock. Let me click this link.
ACTION: browser_click
ACTION_INPUT: {"ref": "e619"}

🎬 Executing: browser_click({'ref': 'e619'})
📤 Tool result (412 chars → 412 compressed):
### Ran Playwright code
```js
await page.getByRole('link', { name: 'Free Stock Market Game' }).click();
```
### Page
- Page URL: https://www.wallstreetsurvivor.com/stock-market-game/
- Page Title: Stock Market Game - Create Your Own Contest
### Snapshot
- [Snapshot](.playwright-mcp\page-2026-04-13T10-12-25-818Z.yml)
### Events
- New console entries: .playwright-mcp\console-2026-04-13T10-10-06-702Z.log#L11-L15...


================================================================================
STEP 6/30
================================================================================
🤖 Calling LLM...
📥 LLM response:
THOUGHT: Successfully navigated to the Stock Market Game page. I need to take a snapshot to see the page content and find a search box or trading interface where I can look up AAPL stock.
ACTION: browser_snapshot
ACTION_INPUT: {}

🎬 Executing: browser_snapshot({})
📤 Tool result (60021 chars → 310 compressed):
URL: https://www.wallstreetsurvivor.com/stock-market-game/

Title: Stock Market Game - Create Your Own Contest

LINKS:
- Skip to content ref=e2
- Wall Street Survivor ref=e7
- Courses ref=e12
- Stock Game ref=e17
- Best Investing Tools ref=e22
- Investing Ideas ref=e27
- Starter Guides ref=e32
- Login ref=e37...


================================================================================
STEP 7/30
================================================================================
🤖 Calling LLM...
📥 LLM response:
THOUGHT: The page shows navigation links but I don't see the actual stock game interface or search box yet. I need to scroll down to find the trading interface or stock search functionality.
ACTION: browser_evaluate
ACTION_INPUT: {"function": "() => window.scrollBy(0, 2000)"}

🎬 Executing: browser_evaluate({'function': '() => window.scrollBy(0, 2000)'})
📸 Auto-snapshot after scroll...
📤 Tool result (109 chars → 310 compressed):
URL: https://www.wallstreetsurvivor.com/stock-market-game/

Title: Stock Market Game - Create Your Own Contest

LINKS:
- Skip to content ref=e2
- Wall Street Survivor ref=e7
- Courses ref=e12
- Stock Game ref=e17
- Best Investing Tools ref=e22
- Investing Ideas ref=e27
- Starter Guides ref=e32
- Login ref=e37...


================================================================================
STEP 8/30
================================================================================
🤖 Calling LLM...
📥 LLM response:
THOUGHT: The page content isn't changing with scroll - this appears to be a landing page. I need to find the actual trading interface. Let me search for any input fields or buttons that might lead to the stock trading platform.
ACTION: browser_evaluate
ACTION_INPUT: {"function": "() => { const inputs = document.querySelectorAll('input'); const buttons = document.querySelectorAll('button'); return { inputs: inputs.length, buttons: buttons.length, inputTypes: Array.from(inputs).map(i => i.type), buttonNames: Array.from(buttons).map(b => b.textContent.slice(0,30)) } }"}

🎬 Executing: browser_evaluate({'function': "() => { const inputs = document.querySelectorAll('input'); const buttons = document.querySelectorAll('button'); return { inputs: inputs.length, buttons: buttons.length, inputTypes: Array.from(inputs).map(i => i.type), buttonNames: Array.from(buttons).map(b => b.textContent.slice(0,30)) } }"})
📤 Tool result (508 chars → 508 compressed):
### Result
{
  "inputs": 0,
  "buttons": 2,
  "inputTypes": [],
  "buttonNames": [
    "\n\t\t\t\t\t\tMenu\t\t\t\t\t",
    "\n\t\t\t\t\tMenu\t\t\t\t"
  ]
}
### Ran Playwright code
```js
await page.evaluate('() => { const inputs = document.querySelectorAll(\'input\'); const buttons = document.querySelectorAll(\'button\'); return { inputs: inputs.length, buttons: buttons.length, inputTypes: Array.from(inputs).map(i => i.type), buttonNames: Array.from(buttons).map(b => b.textContent.slice(0,30)) } ...


================================================================================
STEP 9/30
================================================================================
🤖 Calling LLM...
📥 LLM response:
THOUGHT: This is just a landing page describing the stock game feature, not the actual trading interface. I need to find where to actually start trading or search for stocks. Let me scroll down further to find any "Start Trading", "Join", or search functionality.
ACTION: browser_evaluate
ACTION_INPUT: {"function": "() => { window.scrollTo(0, document.body.scrollHeight); return document.body.scrollHeight; }"}

🎬 Executing: browser_evaluate({'function': '() => { window.scrollTo(0, document.body.scrollHeight); return document.body.scrollHeight; }'})
📸 Auto-snapshot after scroll...
📤 Tool result (166 chars → 310 compressed):
URL: https://www.wallstreetsurvivor.com/stock-market-game/

Title: Stock Market Game - Create Your Own Contest

LINKS:
- Skip to content ref=e2
- Wall Street Survivor ref=e7
- Courses ref=e12
- Stock Game ref=e17
- Best Investing Tools ref=e22
- Investing Ideas ref=e27
- Starter Guides ref=e32
- Login ref=e37...


================================================================================
STEP 10/30
================================================================================
🤖 Calling LLM...
📥 LLM response:
THOUGHT: This landing page doesn't have the actual trading interface. I need to find where to actually start trading stocks. Let me look for any "Start", "Play", "Join" buttons or links that would take me to the actual stock trading platform.
ACTION: browser_evaluate
ACTION_INPUT: {"function": "() => { const allLinks = document.querySelectorAll('a'); return Array.from(allLinks).map(l => ({ text: l.textContent.trim().slice(0,50), href: l.href })).filter(l => l.text.length > 0) }"}

🎬 Executing: browser_evaluate({'function': "() => { const allLinks = document.querySelectorAll('a'); return Array.from(allLinks).map(l => ({ text: l.textContent.trim().slice(0,50), href: l.href })).filter(l => l.text.length > 0) }"})
📤 Tool result (26530 chars → 1516 compressed):
### Result
[
  {
    "text": "Skip to content",
    "href": "https://www.wallstreetsurvivor.com/stock-market-game/#content"
  },
  {
    "text": "Courses",
    "href": "https://www.wallstreetsurvivor.com/stock-market-game/#"
  },
  {
    "text": "Getting Started In The Stock Market",
    "href": "https://www.wallstreetsurvivor.com/stock-market-for-beginners/"
  },
  {
    "text": "Beginner Investing-10 Steps",
    "href": "https://www.wallstreetsurvivor.com/beginner-investing-10-steps-to-start-i...


================================================================================
STEP 11/30
================================================================================
🤖 Calling LLM...
📥 LLM response:
THOUGHT: I found links to the actual trading platform. "Join A Contest For Cash Prizes" leads to app.wallstreetsurvivor.com which should be the actual trading interface where I can search for stocks. Let me click on that link.
ACTION: browser_click
ACTION_INPUT: {"ref": "e636"}

🎬 Executing: browser_click({'ref': 'e636'})
❌ Tool error: ### Error
Error: Ref e636 not found in the current page snapshot. Try capturing new snapshot.

================================================================================
STEP 12/30
================================================================================
🤖 Calling LLM...
📥 LLM response:
THOUGHT: The ref e636 wasn't found. I need to take a fresh snapshot to get the current refs and find the correct link to the trading platform.
ACTION: browser_snapshot
ACTION_INPUT: {}

🎬 Executing: browser_snapshot({})
📤 Tool result (60021 chars → 310 compressed):
URL: https://www.wallstreetsurvivor.com/stock-market-game/

Title: Stock Market Game - Create Your Own Contest

LINKS:
- Skip to content ref=e2
- Wall Street Survivor ref=e7
- Courses ref=e12
- Stock Game ref=e17
- Best Investing Tools ref=e22
- Investing Ideas ref=e27
- Starter Guides ref=e32
- Login ref=e37...


================================================================================
STEP 13/30
================================================================================
🤖 Calling LLM...
📥 LLM response:
THOUGHT: The snapshot only shows the top navigation. I need to scroll down to find the actual content with links to join contests or access the trading platform.
ACTION: browser_evaluate
ACTION_INPUT: {"function": "() => { const allLinks = document.querySelectorAll('a'); return Array.from(allLinks).map((l, i) => ({ index: i, text: l.textContent.trim().slice(0,50), href: l.href })).filter(l => l.text.length > 0 && l.href.includes('app.wallstreetsurvivor')) }"}

🎬 Executing: browser_evaluate({'function': "() => { const allLinks = document.querySelectorAll('a'); return Array.from(allLinks).map((l, i) => ({ index: i, text: l.textContent.trim().slice(0,50), href: l.href })).filter(l => l.text.length > 0 && l.href.includes('app.wallstreetsurvivor')) }"})
📤 Tool result (2661 chars → 1516 compressed):
### Result
[
  {
    "index": 11,
    "text": "Join A Contest For Cash Prizes",
    "href": "https://app.wallstreetsurvivor.com/members/register"
  },
  {
    "index": 12,
    "text": "Join Our Most Popular Contests",
    "href": "https://app.wallstreetsurvivor.com/members/register"
  },
  {
    "index": 14,
    "text": "Search For A Private Stock Contest",
    "href": "https://app.wallstreetsurvivor.com/contests/find"
  },
  {
    "index": 15,
    "text": "View Contests I have Already Joined",
...


================================================================================
STEP 14/30
================================================================================
🤖 Calling LLM...
📥 LLM response:
THOUGHT: I found links to the actual trading platform at app.wallstreetsurvivor.com. The Login link (index 59) should take me to the trading interface where I can search for stocks. Let me navigate directly to the login page.
ACTION: browser_navigate
ACTION_INPUT: {"url": "https://app.wallstreetsurvivor.com/login"}

🎬 Executing: browser_navigate({'url': 'https://app.wallstreetsurvivor.com/login'})
📤 Tool result (378 chars → 59 compressed):
URL: https://app.wallstreetsurvivor.com/login

Title: Login...


================================================================================
STEP 15/30
================================================================================
🤖 Calling LLM...
📥 LLM response:
THOUGHT: I'm on the login page. I need to take a snapshot to see if there's a way to access the trading platform without logging in, or if there's a demo/guest mode available.
ACTION: browser_snapshot
ACTION_INPUT: {}

🎬 Executing: browser_snapshot({})
📤 Tool result (796 chars → 213 compressed):
URL: https://app.wallstreetsurvivor.com/login

Title: Login

BUTTONS:
- Log me in ref=e17

LINKS:
- Go Back ref=e5
- Forgot Username ref=e14
- Forgot Password ref=e15

INPUTS:
- Username ref=e11
- Password ref=e12...


================================================================================
STEP 16/30
================================================================================
🤖 Calling LLM...
📥 LLM response:
THOUGHT: This login page requires credentials I don't have. I should go back and try the "Search For A Private Stock Contest" link which might allow me to access stock data without logging in.
ACTION: browser_navigate
ACTION_INPUT: {"url": "https://app.wallstreetsurvivor.com/contests/find"}

🎬 Executing: browser_navigate({'url': 'https://app.wallstreetsurvivor.com/contests/find'})
📤 Tool result (415 chars → 88 compressed):
URL: https://app.wallstreetsurvivor.com/login?ReturnUrl=%2fcontests%2ffind

Title: Login...


================================================================================
STEP 17/30
================================================================================
🤖 Calling LLM...
📥 LLM response:
THOUGHT: The app requires login for all pages. I need to go back to the main site and look for publicly accessible stock research or market data tools that don't require authentication.
ACTION: browser_navigate
ACTION_INPUT: {"url": "https://www.wallstreetsurvivor.com/"}

🎬 Executing: browser_navigate({'url': 'https://www.wallstreetsurvivor.com/'})
📤 Tool result (396 chars → 114 compressed):
URL: https://www.wallstreetsurvivor.com/

Title: Stock Market Simulator: Practice Trading for Free with Fake Money...


================================================================================
STEP 18/30
================================================================================
🤖 Calling LLM...
📥 LLM response:
THOUGHT: I'm back on the homepage. I need to search for publicly accessible stock research tools or market data that don't require login. Let me take a snapshot to explore the page content.
ACTION: browser_snapshot
ACTION_INPUT: {}

🎬 Executing: browser_snapshot({})
📤 Tool result (58862 chars → 314 compressed):
URL: https://www.wallstreetsurvivor.com/

Title: Stock Market Simulator: Practice Trading for Free with Fake Money

LINKS:
- Skip to content ref=e2
- Wall Street Survivor ref=e7
- Courses ref=e12
- Stock Game ref=e17
- Best Investing Tools ref=e22
- Investing Ideas ref=e27
- Starter Guides ref=e32
- Login ref=e37...


================================================================================
STEP 19/30
================================================================================
🤖 Calling LLM...
📥 LLM response:
THOUGHT: I see "Best Investing Tools" (ref=e22) in the navigation which might have publicly accessible stock research tools. Let me try that to find AAPL stock information without needing to log in.
ACTION: browser_click
ACTION_INPUT: {"ref": "e22"}

🎬 Executing: browser_click({'ref': 'e22'})
📤 Tool result (320 chars → 320 compressed):
### Ran Playwright code
```js
await page.getByRole('link', { name: 'Best Investing Tools' }).click();
```
### Page
- Page URL: https://www.wallstreetsurvivor.com/#
- Page Title: Stock Market Simulator: Practice Trading for Free with Fake Money
### Snapshot
- [Snapshot](.playwright-mcp\page-2026-04-13T10-18-11-888Z.yml)...


================================================================================
STEP 20/30
================================================================================
🤖 Calling LLM...
📥 LLM response:
THOUGHT: The link didn't navigate properly (SPA behavior). Let me take a fresh snapshot to see what content is actually available on the page and look for stock research tools or search functionality.
ACTION: browser_snapshot
ACTION_INPUT: {}

🎬 Executing: browser_snapshot({})
📤 Tool result (59288 chars → 390 compressed):
URL: https://www.wallstreetsurvivor.com/#

Title: Stock Market Simulator: Practice Trading for Free with Fake Money

LINKS:
- Skip to content ref=e2
- Wall Street Survivor ref=e7
- Courses ref=e12
- Stock Game ref=e17
- Best Stock Newsletters ref=e615
- Motley Fool Review-Is it Worth It? ref=e617
- Alpha Picks Review ref=e619
- Open a Robinhood Account-Get up to $1700 Free Stock ref=e621...


================================================================================
STEP 21/30
================================================================================
🤖 Calling LLM...
📥 LLM response:
THOUGHT: The page shows investment tool reviews but no actual stock search. I need to scroll down to see if there's a search box or more navigation options to find stock information.
ACTION: browser_evaluate
ACTION_INPUT: {"expression": "Array.from(document.querySelectorAll('a, button, input')).map(el => ({ tag: el.tagName, text: el.textContent?.trim().substring(0,50), type: el.type, id: el.id, class: el.className })).filter(x => x.text && x.text.length > 0)"}

⚠️ ❌ INVALID browser_evaluate parameters: {'expression': "Array.from(document.querySelectorAll('a, button, input')).map(el => ({ tag: el.tagName, text: el.textContent?.trim().substring(0,50), type: el.type, id: el.id, class: el.className })).filter(x => x.text && x.text.length > 0)"}
CRITICAL: browser_evaluate ONLY accepts {"function": "() => ..."}
Invalid parameters used: ['expression']
NEVER use: 'script', 'expr', 'expression', 'code'
CORRECT FORMAT: browser_evaluate {"function": "() => window.scrollBy(0, 3000)"}

================================================================================
STEP 21/30
================================================================================
🤖 Calling LLM...
📥 LLM response:
THOUGHT: I need to use the correct format for browser_evaluate. Let me search for any input fields or search boxes on the page that might allow stock searching.
ACTION: browser_evaluate
ACTION_INPUT: {"function": "() => Array.from(document.querySelectorAll('input')).map(el => ({ type: el.type, placeholder: el.placeholder, id: el.id, name: el.name }))"}

🎬 Executing: browser_evaluate({'function': "() => Array.from(document.querySelectorAll('input')).map(el => ({ type: el.type, placeholder: el.placeholder, id: el.id, name: el.name }))"})
📤 Tool result (212 chars → 212 compressed):
### Result
[]
### Ran Playwright code
```js
await page.evaluate('() => Array.from(document.querySelectorAll(\'input\')).map(el => ({ type: el.type, placeholder: el.placeholder, id: el.id, name: el.name }))');
```...


================================================================================
STEP 22/30
================================================================================
🤖 Calling LLM...
📥 LLM response:
THOUGHT: No input fields found on this page. This appears to be a landing page without public stock search functionality. Let me try clicking on "Stock Game" link again and see if I can access any stock information, or try to find alternative navigation.
ACTION: browser_evaluate
ACTION_INPUT: {"function": "() => Array.from(document.querySelectorAll('a')).map(el => ({ text: el.textContent?.trim().substring(0,60), href: el.href }))"}

🎬 Executing: browser_evaluate({'function': "() => Array.from(document.querySelectorAll('a')).map(el => ({ text: el.textContent?.trim().substring(0,60), href: el.href }))"})
📤 Tool result (26128 chars → 1516 compressed):
### Result
[
  {
    "text": "Skip to content",
    "href": "https://www.wallstreetsurvivor.com/#content"
  },
  {
    "text": "",
    "href": "https://www.wallstreetsurvivor.com/"
  },
  {
    "text": "Courses",
    "href": "https://www.wallstreetsurvivor.com/#"
  },
  {
    "text": "Getting Started In The Stock Market",
    "href": "https://www.wallstreetsurvivor.com/stock-market-for-beginners/"
  },
  {
    "text": "Beginner Investing-10 Steps",
    "href": "https://www.wallstreetsurvivor.com...


================================================================================
STEP 23/30
================================================================================
🤖 Calling LLM...
📥 LLM response:
THOUGHT: I found a promising link "How to Know What Stocks to Invest in" that goes to /stock-ratings/ which might have stock information and analysis tools. Let me navigate there to search for AAPL.
ACTION: browser_navigate
ACTION_INPUT: {"url": "https://www.wallstreetsurvivor.com/stock-ratings/"}

🎬 Executing: browser_navigate({'url': 'https://www.wallstreetsurvivor.com/stock-ratings/'})
📤 Tool result (410 chars → 114 compressed):
URL: https://www.wallstreetsurvivor.com/stock-ratings/

Title: Stock Ratings: How to Know What Stocks to Invest in...


================================================================================
STEP 24/30
================================================================================
🤖 Calling LLM...
📥 LLM response:
THOUGHT: I navigated to the stock ratings page which should have information about analyzing stocks. Let me take a snapshot to see if there's a search function or stock information I can use to find AAPL.
ACTION: browser_snapshot
ACTION_INPUT: {}

🎬 Executing: browser_snapshot({})
📤 Tool result (80453 chars → 354 compressed):
URL: https://www.wallstreetsurvivor.com/stock-ratings/

Title: Stock Ratings: How to Know What Stocks to Invest in

LINKS:
- Skip to content ref=e2
- Wall Street Survivor ref=e7
- Courses ref=e12
- Stock Game ref=e17
- Best Investing Tools ref=e22
- Best Stock Newsletters ref=e28
- Motley Fool Review-Is it Worth It? ref=e30
- Alpha Picks Review ref=e32...


================================================================================
STEP 25/30
================================================================================
🤖 Calling LLM...
📥 LLM response:
THOUGHT: This page appears to be an educational article about stock ratings, not an actual stock search tool. Let me scroll down to see if there's more content or any search functionality further down the page.
ACTION: browser_evaluate
ACTION_INPUT: {"function": "() => { window.scrollTo(0, document.body.scrollHeight); return document.body.scrollHeight; }"}

🎬 Executing: browser_evaluate({'function': '() => { window.scrollTo(0, document.body.scrollHeight); return document.body.scrollHeight; }'})
📸 Auto-snapshot after scroll...
📤 Tool result (167 chars → 354 compressed):
URL: https://www.wallstreetsurvivor.com/stock-ratings/

Title: Stock Ratings: How to Know What Stocks to Invest in

LINKS:
- Skip to content ref=e2
- Wall Street Survivor ref=e7
- Courses ref=e12
- Stock Game ref=e17
- Best Investing Tools ref=e22
- Best Stock Newsletters ref=e28
- Motley Fool Review-Is it Worth It? ref=e30
- Alpha Picks Review ref=e32...


================================================================================
STEP 26/30
================================================================================
🤖 Calling LLM...
📥 LLM response:
THOUGHT: This is just an educational article page without actual stock search functionality. I've tried multiple approaches (Stock Game, Investing Tools, Stock Ratings) and all lead to either login-required pages or educational content. Let me go back to the homepage and try a different approach - perhaps looking for a search function or other navigation options.
ACTION: browser_navigate
ACTION_INPUT: {"url": "https://www.wallstreetsurvivor.com/"}

🎬 Executing: browser_navigate({'url': 'https://www.wallstreetsurvivor.com/'})
📤 Tool result (396 chars → 114 compressed):
URL: https://www.wallstreetsurvivor.com/

Title: Stock Market Simulator: Practice Trading for Free with Fake Money...


================================================================================
STEP 27/30
================================================================================
🤖 Calling LLM...
📥 LLM response:
THOUGHT: I'm back on the homepage. Let me take a fresh snapshot to look for any search functionality or stock information that might be publicly accessible without login.
ACTION: browser_snapshot
ACTION_INPUT: {}

🎬 Executing: browser_snapshot({})
📤 Tool result (59284 chars → 354 compressed):
URL: https://www.wallstreetsurvivor.com/

Title: Stock Market Simulator: Practice Trading for Free with Fake Money

LINKS:
- Skip to content ref=e2
- Wall Street Survivor ref=e7
- Courses ref=e12
- Stock Game ref=e17
- Best Investing Tools ref=e22
- Best Stock Newsletters ref=e28
- Motley Fool Review-Is it Worth It? ref=e30
- Alpha Picks Review ref=e32...


================================================================================
STEP 28/30
================================================================================
🤖 Calling LLM...
📥 LLM response:
THOUGHT: I've made multiple attempts to find stock search functionality on Wall Street Survivor (Stock Game, Investing Tools, Stock Ratings pages), but all paths either require login or lead to educational content without actual stock data. This website appears to require user registration to access the trading simulator. According to my abandon criteria, I cannot find stock search functionality after 3+ attempts.
ACTION: ABANDON
ACTION_INPUT: {"reason": "Website requires login/registration to access stock trading features. No public stock search or price data available after 3+ navigation attempts."}

⚠️ Invalid or unknown action 'ABANDON'. Available tools: ['browser_close', 'browser_resize', 'browser_console_messages', 'browser_handle_dialog', 'browser_evaluate', 'browser_file_upload', 'browser_fill_form', 'browser_press_key', 'browser_type', 'browser_navigate', 'browser_navigate_back', 'browser_network_requests', 'browser_run_code', 'browser_take_screenshot', 'browser_snapshot', 'browser_click', 'browser_drag', 'browser_hover', 'browser_select_option', 'browser_tabs', 'browser_wait_for']. Remember: to scroll use browser_evaluate with function () => window.scrollBy(0, 3000). CRITICAL: browser_evaluate ONLY accepts {"function": "..."} parameter. NEVER use "script", "expr", "expression", or any other parameter name.

================================================================================
STEP 28/30
================================================================================
🤖 Calling LLM...
📥 LLM response:
THOUGHT: I've tried multiple paths but haven't found public stock data. Let me try the Courses section one more time as it might contain stock analysis tools or educational content with actual stock prices.
ACTION: browser_click
ACTION_INPUT: {"ref": "e12"}

🎬 Executing: browser_click({'ref': 'e12'})
📤 Tool result (320 chars → 320 compressed):
### Ran Playwright code
```js
await page.getByRole('link', { name: 'Courses', exact: true }).click();
```
### Page
- Page URL: https://www.wallstreetsurvivor.com/#
- Page Title: Stock Market Simulator: Practice Trading for Free with Fake Money
### Snapshot
- [Snapshot](.playwright-mcp\page-2026-04-13T10-23-42-567Z.yml)...


================================================================================
STEP 29/30
================================================================================
🤖 Calling LLM...
📥 LLM response:
THOUGHT: The Courses link clicked but the page didn't navigate (SPA behavior). Let me take a snapshot to see if the content changed to show courses with any stock information.
ACTION: browser_snapshot
ACTION_INPUT: {}

🎬 Executing: browser_snapshot({})
📤 Tool result (59078 chars → 424 compressed):
URL: https://www.wallstreetsurvivor.com/#

Title: Stock Market Simulator: Practice Trading for Free with Fake Money

LINKS:
- Skip to content ref=e2
- Wall Street Survivor ref=e7
- Getting Started In The Stock Market ref=e642
- Beginner Investing-10 Steps ref=e644
- How to Know What Stocks to Invest in ref=e646
- Investing With Little Money ref=e648
- Best Investment Apps ref=e650
- Start Investing The Right Way ref=e652...


================================================================================
STEP 30/30
================================================================================
🤖 Calling LLM...
📥 LLM response:
THOUGHT: The Courses section only shows educational articles. Let me try the "How to Know What Stocks to Invest in" article (ref=e646) as it might contain example stock analysis with actual AAPL price data.
ACTION: browser_click
ACTION_INPUT: {"ref": "e646"}

🎬 Executing: browser_click({'ref': 'e646'})
📤 Tool result (418 chars → 418 compressed):
### Ran Playwright code
```js
await page.getByRole('link', { name: 'How to Know What Stocks to' }).click();
```
### Page
- Page URL: https://www.wallstreetsurvivor.com/stock-ratings/
- Page Title: Stock Ratings: How to Know What Stocks to Invest in
### Snapshot
- [Snapshot](.playwright-mcp\page-2026-04-13T10-23-52-455Z.yml)
### Events
- New console entries: .playwright-mcp\console-2026-04-13T10-23-30-549Z.log#L5-L9...


⏱️ Reached maximum steps (30)

================================================================================
✅ TEST COMPLETED
================================================================================
Steps executed: 0
Status: max_steps_reached
